Copyright 1986-2020 Xilinx, Inc. All Rights Reserved.
--------------------------------------------------------------------------------------
| Tool Version : Vivado v.2020.2 (win64) Build 3064766 Wed Nov 18 09:12:45 MST 2020
| Date         : Mon Mar 30 11:03:21 2026
| Host         : DESKTOP-7CFQ9ND running 64-bit major release  (build 9200)
| Command      : report_control_sets -verbose -file RV32I_MCU_control_sets_placed.rpt
| Design       : RV32I_MCU
| Device       : xc7a35t
--------------------------------------------------------------------------------------

Control Set Information

Table of Contents
-----------------
1. Summary
2. Histogram
3. Flip-Flop Distribution
4. Detailed Control Set Information

1. Summary
----------

+----------------------------------------------------------+-------+
|                          Status                          | Count |
+----------------------------------------------------------+-------+
| Total control sets                                       |    71 |
|    Minimum number of control sets                        |    71 |
|    Addition due to synthesis replication                 |     0 |
|    Addition due to physical synthesis replication        |     0 |
| Unused register locations in slices containing registers |    67 |
+----------------------------------------------------------+-------+
* Control sets can be merged at opt_design using control_set_merge or merge_equivalent_drivers
** Run report_qor_suggestions for automated merging and remapping suggestions


2. Histogram
------------

+--------------------+-------+
|       Fanout       | Count |
+--------------------+-------+
| Total control sets |    71 |
| >= 0 to < 4        |     8 |
| >= 4 to < 6        |     0 |
| >= 6 to < 8        |     0 |
| >= 8 to < 10       |     4 |
| >= 10 to < 12      |     0 |
| >= 12 to < 14      |     0 |
| >= 14 to < 16      |     0 |
| >= 16              |    59 |
+--------------------+-------+
* Control sets can be remapped at either synth_design or opt_design


3. Flip-Flop Distribution
-------------------------

+--------------+-----------------------+------------------------+-----------------+--------------+
| Clock Enable | Synchronous Set/Reset | Asynchronous Set/Reset | Total Registers | Total Slices |
+--------------+-----------------------+------------------------+-----------------+--------------+
| No           | No                    | No                     |               0 |            0 |
| No           | No                    | Yes                    |             410 |          147 |
| No           | Yes                   | No                     |               0 |            0 |
| Yes          | No                    | No                     |             992 |          513 |
| Yes          | No                    | Yes                    |             347 |          125 |
| Yes          | Yes                   | No                     |               0 |            0 |
+--------------+-----------------------+------------------------+-----------------+--------------+


4. Detailed Control Set Information
-----------------------------------

+----------------+----------------------------------------------------------------------------------+------------------+------------------+----------------+--------------+
|  Clock Signal  |                                   Enable Signal                                  | Set/Reset Signal | Slice Load Count | Bel Load Count | Bels / Slice |
+----------------+----------------------------------------------------------------------------------+------------------+------------------+----------------+--------------+
|  clk_IBUF_BUFG | U_SLAVE_UART/U_RX/rx_shift[2]                                                    | reset_IBUF       |                1 |              1 |         1.00 |
|  clk_IBUF_BUFG | U_SLAVE_UART/U_RX/rx_shift[1]                                                    | reset_IBUF       |                1 |              1 |         1.00 |
|  clk_IBUF_BUFG | U_SLAVE_UART/U_RX/rx_shift[3]                                                    | reset_IBUF       |                1 |              1 |         1.00 |
|  clk_IBUF_BUFG | U_SLAVE_UART/U_RX/rx_shift[4]                                                    | reset_IBUF       |                1 |              1 |         1.00 |
|  clk_IBUF_BUFG | U_SLAVE_UART/U_RX/rx_shift[7]                                                    | reset_IBUF       |                1 |              1 |         1.00 |
|  clk_IBUF_BUFG | U_SLAVE_UART/U_RX/rx_shift[6]                                                    | reset_IBUF       |                1 |              1 |         1.00 |
|  clk_IBUF_BUFG | U_SLAVE_UART/U_RX/rx_shift[0]                                                    | reset_IBUF       |                1 |              1 |         1.00 |
|  clk_IBUF_BUFG | U_SLAVE_UART/U_RX/rx_shift[5]                                                    | reset_IBUF       |                1 |              1 |         1.00 |
|  clk_IBUF_BUFG | U_SLAVE_UART/U_RX/E[0]                                                           | reset_IBUF       |                2 |              8 |         4.00 |
|  clk_IBUF_BUFG | U_SLAVE_UART/U_RX/rx_done_i_1_n_0                                                | reset_IBUF       |                1 |              8 |         8.00 |
|  clk_IBUF_BUFG | U_SLAVE_UART/U_TX/tx_shift_0                                                     | reset_IBUF       |                2 |              8 |         4.00 |
|  clk_IBUF_BUFG | U_APB_MASTER/p_addr_reg[13]_0[0]                                                 | reset_IBUF       |                1 |              8 |         8.00 |
|  clk_IBUF_BUFG | U_APB_MASTER/gpo_ctl_reg                                                         | reset_IBUF       |                6 |             16 |         2.67 |
|  clk_IBUF_BUFG | U_APB_MASTER/gpio_ctl_reg                                                        | reset_IBUF       |                6 |             16 |         2.67 |
|  clk_IBUF_BUFG | U_APB_MASTER/p_addr_reg[2]_0[0]                                                  | reset_IBUF       |                4 |             16 |         4.00 |
|  clk_IBUF_BUFG | U_APB_MASTER/p_addr_reg[3]_3[0]                                                  | reset_IBUF       |                8 |             24 |         3.00 |
|  clk_IBUF_BUFG | U_APB_MASTER/p_write_reg_1[0]                                                    | reset_IBUF       |                6 |             24 |         4.00 |
|  clk_IBUF_BUFG | U_APB_MASTER/p_addr_reg[3]_1                                                     | reset_IBUF       |               12 |             31 |         2.58 |
|  clk_IBUF_BUFG | U_RV32I_CPU/U_CONTROL_UNIT/E[0]                                                  | reset_IBUF       |               11 |             32 |         2.91 |
|  clk_IBUF_BUFG | U_APB_MASTER/FSM_onehot_current_state_reg[2]_2                                   |                  |                8 |             32 |         4.00 |
|  clk_IBUF_BUFG | U_APB_MASTER/FSM_onehot_current_state_reg[2]_4                                   |                  |                8 |             32 |         4.00 |
|  clk_IBUF_BUFG | U_APB_MASTER/FSM_onehot_current_state_reg[2]_5                                   |                  |                8 |             32 |         4.00 |
|  clk_IBUF_BUFG | U_APB_MASTER/FSM_onehot_current_state_reg[2]_6                                   |                  |                8 |             32 |         4.00 |
|  clk_IBUF_BUFG | U_APB_MASTER/FSM_onehot_current_state_reg[2]_7                                   |                  |                8 |             32 |         4.00 |
|  clk_IBUF_BUFG | U_APB_MASTER/FSM_onehot_current_state_reg[2]_1                                   |                  |                8 |             32 |         4.00 |
|  clk_IBUF_BUFG | U_APB_MASTER/FSM_onehot_current_state_reg[2]_0                                   |                  |                8 |             32 |         4.00 |
|  clk_IBUF_BUFG | U_APB_MASTER/p_addr_reg[10]_2                                                    |                  |                8 |             32 |         4.00 |
|  clk_IBUF_BUFG | U_APB_MASTER/p_addr_reg[11]_1                                                    |                  |                8 |             32 |         4.00 |
|  clk_IBUF_BUFG | U_APB_MASTER/p_addr_reg[10]_0                                                    |                  |                8 |             32 |         4.00 |
|  clk_IBUF_BUFG | U_APB_MASTER/p_addr_reg[11]_0                                                    |                  |                8 |             32 |         4.00 |
|  clk_IBUF_BUFG | U_APB_MASTER/p_addr_reg[11]_3                                                    |                  |                8 |             32 |         4.00 |
|  clk_IBUF_BUFG | U_APB_MASTER/p_addr_reg[11]_2                                                    |                  |                8 |             32 |         4.00 |
|  clk_IBUF_BUFG | U_APB_MASTER/p_addr_reg[10]_1                                                    |                  |                8 |             32 |         4.00 |
|  clk_IBUF_BUFG | U_APB_MASTER/p_addr_reg[10]_3                                                    |                  |                8 |             32 |         4.00 |
|  clk_IBUF_BUFG | U_APB_MASTER/E[0]                                                                | reset_IBUF       |               11 |             32 |         2.91 |
|  clk_IBUF_BUFG | U_APB_MASTER/bus_ready                                                           | reset_IBUF       |               19 |             32 |         1.68 |
|  clk_IBUF_BUFG | U_APB_MASTER/p_addr_reg[3]_2[0]                                                  | reset_IBUF       |               14 |             32 |         2.29 |
|  clk_IBUF_BUFG | U_APB_MASTER/FSM_onehot_current_state_reg[2]_3                                   |                  |                8 |             32 |         4.00 |
|  clk_IBUF_BUFG | U_RV32I_CPU/U_DATAPATH/U_PC/U_PC_EN_REG/E[0]                                     |                  |               18 |             32 |         1.78 |
|  clk_IBUF_BUFG | U_RV32I_CPU/U_DATAPATH/U_PC/U_PC_EN_REG/FSM_sequential_current_state_reg[2][0]   |                  |               16 |             32 |         2.00 |
|  clk_IBUF_BUFG | U_RV32I_CPU/U_DATAPATH/U_PC/U_PC_EN_REG/FSM_sequential_current_state_reg[2]_1[0] |                  |               14 |             32 |         2.29 |
|  clk_IBUF_BUFG | U_RV32I_CPU/U_DATAPATH/U_PC/U_PC_EN_REG/FSM_sequential_current_state_reg[0]_2[0] |                  |               14 |             32 |         2.29 |
|  clk_IBUF_BUFG | U_RV32I_CPU/U_DATAPATH/U_PC/U_PC_EN_REG/FSM_sequential_current_state_reg[0]_0[0] |                  |               15 |             32 |         2.13 |
|  clk_IBUF_BUFG | U_RV32I_CPU/U_DATAPATH/U_PC/U_PC_EN_REG/FSM_sequential_current_state_reg[2]_0[0] |                  |                9 |             32 |         3.56 |
|  clk_IBUF_BUFG | U_RV32I_CPU/U_DATAPATH/U_PC/U_PC_EN_REG/FSM_sequential_current_state_reg[2]_3[0] |                  |               21 |             32 |         1.52 |
|  clk_IBUF_BUFG | U_RV32I_CPU/U_DATAPATH/U_PC/U_PC_EN_REG/FSM_sequential_current_state_reg[0]_1[0] |                  |               16 |             32 |         2.00 |
|  clk_IBUF_BUFG | U_RV32I_CPU/U_DATAPATH/U_PC/U_PC_EN_REG/reset_1[0]                               |                  |               16 |             32 |         2.00 |
|  clk_IBUF_BUFG | U_RV32I_CPU/U_DATAPATH/U_PC/U_PC_EN_REG/register_reg[9]_10[0]                    |                  |               15 |             32 |         2.13 |
|  clk_IBUF_BUFG | U_RV32I_CPU/U_DATAPATH/U_PC/U_PC_EN_REG/register_reg[9]_5[0]                     |                  |               13 |             32 |         2.46 |
|  clk_IBUF_BUFG | U_RV32I_CPU/U_DATAPATH/U_PC/U_PC_EN_REG/register_reg[9]_13[0]                    |                  |               20 |             32 |         1.60 |
|  clk_IBUF_BUFG | U_RV32I_CPU/U_DATAPATH/U_PC/U_PC_EN_REG/register_reg[9]_14[0]                    |                  |               20 |             32 |         1.60 |
|  clk_IBUF_BUFG | U_RV32I_CPU/U_DATAPATH/U_PC/U_PC_EN_REG/register_reg[9]_6[0]                     |                  |               15 |             32 |         2.13 |
|  clk_IBUF_BUFG | U_RV32I_CPU/U_DATAPATH/U_PC/U_PC_EN_REG/register_reg[9]_8[0]                     |                  |               20 |             32 |         1.60 |
|  clk_IBUF_BUFG | U_RV32I_CPU/U_DATAPATH/U_PC/U_PC_EN_REG/register_reg[9]_12[0]                    |                  |               16 |             32 |         2.00 |
|  clk_IBUF_BUFG | U_RV32I_CPU/U_DATAPATH/U_PC/U_PC_EN_REG/reset_0[0]                               |                  |               20 |             32 |         1.60 |
|  clk_IBUF_BUFG | U_RV32I_CPU/U_DATAPATH/U_PC/U_PC_EN_REG/reset_2[0]                               |                  |               16 |             32 |         2.00 |
|  clk_IBUF_BUFG | U_RV32I_CPU/U_DATAPATH/U_PC/U_PC_EN_REG/reset_4[0]                               |                  |               11 |             32 |         2.91 |
|  clk_IBUF_BUFG | U_RV32I_CPU/U_DATAPATH/U_PC/U_PC_EN_REG/rf_reg[16][31]_i_2_0[0]                  |                  |               16 |             32 |         2.00 |
|  clk_IBUF_BUFG | U_RV32I_CPU/U_DATAPATH/U_PC/U_PC_EN_REG/register_reg[9]_21[0]                    |                  |               16 |             32 |         2.00 |
|  clk_IBUF_BUFG | U_RV32I_CPU/U_DATAPATH/U_PC/U_PC_EN_REG/register_reg[9]_4[0]                     |                  |               19 |             32 |         1.68 |
|  clk_IBUF_BUFG | U_RV32I_CPU/U_DATAPATH/U_PC/U_PC_EN_REG/register_reg[9]_11[0]                    |                  |               19 |             32 |         1.68 |
|  clk_IBUF_BUFG | U_RV32I_CPU/U_DATAPATH/U_PC/U_PC_EN_REG/register_reg[9]_3[0]                     |                  |               16 |             32 |         2.00 |
|  clk_IBUF_BUFG | U_RV32I_CPU/U_DATAPATH/U_PC/U_PC_EN_REG/register_reg[9]_7[0]                     |                  |               19 |             32 |         1.68 |
|  clk_IBUF_BUFG | U_RV32I_CPU/U_DATAPATH/U_PC/U_PC_EN_REG/rf_reg[1][31]_i_5_0[0]                   |                  |               18 |             32 |         1.78 |
|  clk_IBUF_BUFG | U_RV32I_CPU/U_DATAPATH/U_PC/U_PC_EN_REG/rf_reg[5][31]_i_2_0[0]                   |                  |               19 |             32 |         1.68 |
|  clk_IBUF_BUFG | U_RV32I_CPU/U_DATAPATH/U_PC/U_PC_EN_REG/register_reg[9]_9[0]                     |                  |               20 |             32 |         1.60 |
|  clk_IBUF_BUFG | U_RV32I_CPU/U_DATAPATH/U_PC/U_PC_EN_REG/reset[0]                                 |                  |               15 |             32 |         2.13 |
|  clk_IBUF_BUFG | U_RV32I_CPU/U_DATAPATH/U_PC/U_PC_EN_REG/register_reg[9]_2[0]                     |                  |               17 |             32 |         1.88 |
|  clk_IBUF_BUFG | U_RV32I_CPU/U_DATAPATH/U_PC/U_PC_EN_REG/reset_3[0]                               |                  |               14 |             32 |         2.29 |
|  clk_IBUF_BUFG | U_APB_MASTER/p_addr_next                                                         | reset_IBUF       |               14 |             52 |         3.71 |
|  clk_IBUF_BUFG |                                                                                  | reset_IBUF       |              147 |            410 |         2.79 |
+----------------+----------------------------------------------------------------------------------+------------------+------------------+----------------+--------------+


